{
  "width": 120,
  "height": 120,
  "loops": 0,
  "frames": [
    {
      "left": 0,
      "top": 0,
      "width": 120,
      "height": 120,
      "delay": 10
    },
    {
      "left": 0,
      "top": 0,
      "width": 120,
      "height": 120,
      "delay": 10
    },
    {
      "left": 0,
      "top": 0,
      "width": 120,
      "height": 120,
      "delay": 10
    },
    {
      "left": 0,
      "top": 0,
      "width": 120,
      "height": 120,
      "delay": 10
    },
    {
      "left": 0,
      "top": 0,
      "width": 120,
      "height": 120,
      "delay": 10
    },
    {
      "left": 0,
      "top": 0,
      "width": 120,
      "height": 120,
      "delay": 10
    },
    {
      "left": 0,
      "top": 0,
      "width": 120,
      "height": 120,
      "delay": 10
    },
    {
      "left": 0,
      "top": 0,
      "width": 120,
      "height": 120,
      "delay": 10
    },
    {
      "left": 0,
      "top": 0,
      "width": 120,
      "height": 120,
      "delay": 10
    },
    {
      "left": 0,
      "top": 0,
      "width": 120,
      "height": 120,
      "delay": 10
    },
    {
      "left": 0,
      "top": 0,
      "width": 120,
      "height": 120,
      "delay": 10
    },
    {
      "left": 0,
      "top": 0,
      "width": 120,
      "height": 120,
      "delay": 10
    },
    {
      "left": 0,
      "top": 0,
      "width": 120,
      "height": 120,
      "delay": 10
    },
    {
      "left": 0,
      "top": 0,
      "width": 120,
      "height": 120,
      "delay": 10
    },
    {
      "left": 0,
      "top": 0,
      "width": 120,
      "height": 120,
      "delay": 10
    },
    {
      "left": 0,
      "top": 0,
      "width": 120,
      "height": 120,
      "delay": 10
    },
    {
      "left": 0,
      "top": 0,
      "width": 120,
      "height": 120,
      "delay": 10
    },
    {
      "left": 0,
      "top": 0,
      "width": 120,
      "height": 120,
      "delay": 10
    },
    {
      "left": 0,
      "top": 0,
      "width": 120,
      "height": 120,
      "delay": 10
    },
    {
      "left": 0,
      "top": 0,
      "width": 120,
      "height": 120,
      "delay": 10
    },
    {
      "left": 0,
      "top": 0,
      "width": 120,
      "height": 120,
      "delay": 10
    },
    {
      "left": 0,
      "top": 0,
      "width": 120,
      "height": 120,
      "delay": 10
    },
    {
      "left": 0,
      "top": 0,
      "width": 120,
      "height": 120,
      "delay": 10
    },
    {
      "left": 0,
      "top": 0,
      "width": 120,
      "height": 120,
      "delay": 10
    },
    {
      "left": 0,
      "top": 0,
      "width": 120,
      "height": 120,
      "delay": 10
    },
    {
      "left": 0,
      "top": 0,
      "width": 120,
      "height": 120,
      "delay": 10
    },
    {
      "left": 0,
      "top": 0,
      "width": 120,
      "height": 120,
      "delay": 10
    },
    {
      "left": 0,
      "top": 0,
      "width": 120,
      "height": 120,
      "delay": 10
    },
    {
      "left": 0,
      "top": 0,
      "width": 120,
      "height": 120,
      "delay": 10
    },
    {
      "left": 0,
      "top": 0,
      "width": 120,
      "height": 120,
      "delay": 10
    },
    {
      "left": 0,
      "top": 0,
      "width": 120,
      "height": 120,
      "delay": 10
    },
    {
      "left": 0,
      "top": 0,
      "width": 120,
      "height": 120,
      "delay": 10
    },
    {
      "left": 0,
      "top": 0,
      "width": 120,
      "height": 120,
      "delay": 10
    },
    {
      "left": 0,
      "top": 0,
      "width": 120,
      "height": 120,
      "delay": 10
    },
    {
      "left": 0,
      "top": 0,
      "width": 120,
      "height": 120,
      "delay": 10
    },
    {
      "left": 0,
      "top": 0,
      "width": 120,
      "height": 120,
      "delay": 10
    },
    {
      "left": 0,
      "top": 0,
      "width": 120,
      "height": 120,
      "delay": 10
    },
    {
      "left": 0,
      "top": 0,
      "width": 120,
      "height": 120,
      "delay": 10
    },
    {
      "left": 0,
      "top": 0,
      "width": 120,
      "height": 120,
      "delay": 10
    },
    {
      "left": 0,
      "top": 0,
      "width": 120,
      "height": 120,
      "delay": 10
    },
    {
      "left": 0,
      "top": 0,
      "width": 120,
      "height": 120,
      "delay": 10
    },
    {
      "left": 0,
      "top": 0,
      "width": 120,
      "height": 120,
      "delay": 10
    },
    {
      "left": 0,
      "top": 0,
      "width": 120,
      "height": 120,
      "delay": 10
    },
    {
      "left": 0,
      "top": 0,
      "width": 120,
      "height": 120,
      "delay": 10
    },
    {
      "left": 0,
      "top": 0,
      "width": 120,
      "height": 120,
      "delay": 10
    },
    {
      "left": 0,
      "top": 0,
      "width": 120,
      "height": 120,
      "delay": 10
    },
    {
      "left": 0,
      "top": 0,
      "width": 120,
      "height": 120,
      "delay": 10
    },
    {
      "left": 0,
      "top": 0,
      "width": 120,
      "height": 120,
      "delay": 10
    },
    {
      "left": 0,
      "top": 0,
      "width": 120,
      "height": 120,
      "delay": 10
    },
    {
      "left": 0,
      "top": 0,
      "width": 120,
      "height": 120,
      "delay": 10
    },
    {
      "left": 0,
      "top": 0,
      "width": 120,
      "height": 120,
      "delay": 10
    },
    {
      "left": 0,
      "top": 0,
      "width": 120,
      "height": 120,
      "delay": 10
    },
    {
      "left": 0,
      "top": 0,
      "width": 120,
      "height": 120,
      "delay": 10
    },
    {
      "left": 0,
      "top": 0,
      "width": 120,
      "height": 120,
      "delay": 10
    },
    {
      "left": 0,
      "top": 0,
      "width": 120,
      "height": 120,
      "delay": 10
    },
    {
      "left": 0,
      "top": 0,
      "width": 120,
      "height": 120,
      "delay": 10
    },
    {
      "left": 0,
      "top": 0,
      "width": 120,
      "height": 120,
      "delay": 10
    },
    {
      "left": 0,
      "top": 0,
      "width": 120,
      "height": 120,
      "delay": 10
    },
    {
      "left": 0,
      "top": 0,
      "width": 120,
      "height": 120,
      "delay": 10
    },
    {
      "left": 0,
      "top": 0,
      "width": 120,
      "height": 120,
      "delay": 10
    },
    {
      "left": 0,
      "top": 0,
      "width": 120,
      "height": 120,
      "delay": 100
    }
  ]
}
