{
  "width": 623,
  "height": 480,
  "loops": null,
  "frames": [
    {
      "width": 623,
      "height": 480,
      "top": 0,
      "left": 0,
      "delay": 0
    }
  ]
}
